[08:34:08] 🔴 Live Watcher + IB Gateway — كل 30 ثواني
[08:34:08] 📡 منصة: Interactive Brokers (Paper) — DUR156031
[08:34:08] 💰 السعر الحالي: SPX 7468
[08:34:08] ⏳ انتظار منطقة الدخول 7492-7507 | السعر 7468
[08:34:38] ⏳ انتظار منطقة الدخول 7492-7507 | السعر 7468
[08:35:09] ⏳ انتظار منطقة الدخول 7492-7507 | السعر 7468
[08:35:39] ⏳ انتظار منطقة الدخول 7492-7507 | السعر 7468
[08:36:09] ⏳ انتظار منطقة الدخول 7492-7507 | السعر 7468
[08:36:39] ⏳ انتظار منطقة الدخول 7492-7507 | السعر 7468
[08:37:09] ⏳ انتظار منطقة الدخول 7492-7507 | السعر 7468
[08:37:39] ⏳ انتظار منطقة الدخول 7492-7507 | السعر 7468
[08:38:09] ⏳ انتظار منطقة الدخول 7492-7507 | السعر 7468
[08:38:39] ⏳ انتظار منطقة الدخول 7492-7507 | السعر 7468
[08:39:09] ⏳ انتظار منطقة الدخول 7492-7507 | السعر 7468
[08:39:39] ⏳ انتظار منطقة الدخول 7492-7507 | السعر 7468
[08:40:09] ⏳ انتظار منطقة الدخول 7492-7507 | السعر 7468
[08:40:39] ⏳ انتظار منطقة الدخول 7492-7507 | السعر 7468
[08:41:10] ⏳ انتظار منطقة الدخول 7492-7507 | السعر 7468
[08:41:40] ⏳ انتظار منطقة الدخول 7492-7507 | السعر 7468
[08:42:10] ⏳ انتظار منطقة الدخول 7492-7507 | السعر 7468
[08:42:40] ⏳ انتظار منطقة الدخول 7492-7507 | السعر 7468
[08:43:10] ⏳ انتظار منطقة الدخول 7492-7507 | السعر 7468
[08:43:40] ⏳ انتظار منطقة الدخول 7492-7507 | السعر 7468
[08:44:10] ⏳ انتظار منطقة الدخول 7492-7507 | السعر 7468
[08:44:40] ⏳ انتظار منطقة الدخول 7492-7507 | السعر 7468
[08:45:10] ⏳ انتظار منطقة الدخول 7492-7507 | السعر 7468
[08:45:40] ⏳ انتظار منطقة الدخول 7492-7507 | السعر 7468
[08:46:10] ⏳ انتظار منطقة الدخول 7492-7507 | السعر 7468
[08:46:40] ⏳ انتظار منطقة الدخول 7492-7507 | السعر 7468
[08:47:10] ⏳ انتظار منطقة الدخول 7492-7507 | السعر 7468
[08:47:40] ⏳ انتظار منطقة الدخول 7492-7507 | السعر 7468
[08:48:10] ⏳ انتظار منطقة الدخول 7492-7507 | السعر 7468
[08:48:40] ⏳ انتظار منطقة الدخول 7492-7507 | السعر 7468
[08:49:10] ⏳ انتظار منطقة الدخول 7492-7507 | السعر 7468
[08:49:40] ⏳ انتظار منطقة الدخول 7492-7507 | السعر 7468
[08:50:11] ⏳ انتظار منطقة الدخول 7492-7507 | السعر 7468
[08:50:41] ⏳ انتظار منطقة الدخول 7492-7507 | السعر 7468
[08:51:11] ⏳ انتظار منطقة الدخول 7492-7507 | السعر 7468
[08:51:41] ⏳ انتظار منطقة الدخول 7492-7507 | السعر 7468
[08:52:11] ⏳ انتظار منطقة الدخول 7492-7507 | السعر 7468
[08:52:41] ⏳ انتظار منطقة الدخول 7492-7507 | السعر 7468
[08:53:11] ⏳ انتظار منطقة الدخول 7492-7507 | السعر 7468
[08:53:41] ⏳ انتظار منطقة الدخول 7492-7507 | السعر 7468
[08:54:11] ⏳ انتظار منطقة الدخول 7492-7507 | السعر 7468
[08:54:41] ⏳ انتظار منطقة الدخول 7492-7507 | السعر 7468
[08:55:11] ⏳ انتظار منطقة الدخول 7492-7507 | السعر 7468
[08:55:41] ⏳ انتظار منطقة الدخول 7492-7507 | السعر 7468
[08:56:11] ⏳ انتظار منطقة الدخول 7492-7507 | السعر 7468
[08:56:41] ⏳ انتظار منطقة الدخول 7492-7507 | السعر 7468
[08:57:11] ⏳ انتظار منطقة الدخول 7492-7507 | السعر 7468
[08:57:41] ⏳ انتظار منطقة الدخول 7492-7507 | السعر 7468
[08:58:11] ⏳ انتظار منطقة الدخول 7492-7507 | السعر 7468
[08:58:41] ⏳ انتظار منطقة الدخول 7492-7507 | السعر 7468
[08:59:12] ⏳ انتظار منطقة الدخول 7492-7507 | السعر 7468
[08:59:42] ⏳ انتظار منطقة الدخول 7492-7507 | السعر 7468
[09:00:12] ⏳ انتظار منطقة الدخول 7492-7507 | السعر 7468
[09:00:42] ⏳ انتظار منطقة الدخول 7492-7507 | السعر 7468
[09:01:12] ⏳ انتظار منطقة الدخول 7492-7507 | السعر 7468
[09:01:42] ⏳ انتظار منطقة الدخول 7492-7507 | السعر 7468
[09:02:12] ⏳ انتظار منطقة الدخول 7492-7507 | السعر 7468
[09:02:42] ⏳ انتظار منطقة الدخول 7492-7507 | السعر 7468
[09:03:12] ⏳ انتظار منطقة الدخول 7492-7507 | السعر 7468
[09:03:42] ⏳ انتظار منطقة الدخول 7492-7507 | السعر 7468
[09:04:12] ⏳ انتظار منطقة الدخول 7492-7507 | السعر 7468
[09:04:42] ⏳ انتظار منطقة الدخول 7492-7507 | السعر 7468
[09:05:12] ⏳ انتظار منطقة الدخول 7492-7507 | السعر 7468
[09:05:42] ⏳ انتظار منطقة الدخول 7492-7507 | السعر 7468
[09:06:13] ⏳ انتظار منطقة الدخول 7492-7507 | السعر 7468
[09:06:43] ⏳ انتظار منطقة الدخول 7492-7507 | السعر 7468
[09:07:13] ⏳ انتظار منطقة الدخول 7492-7507 | السعر 7468
[09:07:43] ⏳ انتظار منطقة الدخول 7492-7507 | السعر 7468
[09:08:13] ⏳ انتظار منطقة الدخول 7492-7507 | السعر 7468
[09:08:43] ⏳ انتظار منطقة الدخول 7492-7507 | السعر 7468
[09:09:13] ⏳ انتظار منطقة الدخول 7492-7507 | السعر 7468
[09:09:43] ⏳ انتظار منطقة الدخول 7492-7507 | السعر 7468
[09:10:13] ⏳ انتظار منطقة الدخول 7492-7507 | السعر 7468
[09:10:43] ⏳ انتظار منطقة الدخول 7492-7507 | السعر 7468
[09:11:13] ⏳ انتظار منطقة الدخول 7492-7507 | السعر 7468
[09:11:43] ⏳ انتظار منطقة الدخول 7492-7507 | السعر 7468
[09:12:14] ⏳ انتظار منطقة الدخول 7492-7507 | السعر 7468
[09:12:44] ⏳ انتظار منطقة الدخول 7492-7507 | السعر 7468
[09:13:14] ⏳ انتظار منطقة الدخول 7492-7507 | السعر 7468
[09:13:44] ⏳ انتظار منطقة الدخول 7492-7507 | السعر 7468
[09:14:14] ⏳ انتظار منطقة الدخول 7492-7507 | السعر 7468
[09:14:44] ⏳ انتظار منطقة الدخول 7492-7507 | السعر 7468
[09:15:14] ⏳ انتظار منطقة الدخول 7492-7507 | السعر 7468
[09:15:44] ⏳ انتظار منطقة الدخول 7492-7507 | السعر 7468
[09:16:14] ⏳ انتظار منطقة الدخول 7492-7507 | السعر 7468
[09:16:44] ⏳ انتظار منطقة الدخول 7492-7507 | السعر 7468
[09:17:14] ⏳ انتظار منطقة الدخول 7492-7507 | السعر 7468
[09:17:44] ⏳ انتظار منطقة الدخول 7492-7507 | السعر 7468
[09:18:14] ⏳ انتظار منطقة الدخول 7492-7507 | السعر 7468
[09:18:44] ⏳ انتظار منطقة الدخول 7492-7507 | السعر 7468
[09:19:14] ⏳ انتظار منطقة الدخول 7492-7507 | السعر 7468
[09:19:44] ⏳ انتظار منطقة الدخول 7492-7507 | السعر 7468
[09:20:15] ⏳ انتظار منطقة الدخول 7492-7507 | السعر 7468
[09:20:45] ⏳ انتظار منطقة الدخول 7492-7507 | السعر 7468
[09:21:15] ⏳ انتظار منطقة الدخول 7492-7507 | السعر 7468
[09:21:45] ⏳ انتظار منطقة الدخول 7492-7507 | السعر 7468
[09:22:15] ⏳ انتظار منطقة الدخول 7492-7507 | السعر 7468
[09:22:45] ⏳ انتظار منطقة الدخول 7492-7507 | السعر 7468
[09:23:15] ⏳ انتظار منطقة الدخول 7492-7507 | السعر 7468
[09:23:45] ⏳ انتظار منطقة الدخول 7492-7507 | السعر 7468
[09:24:15] ⏳ انتظار منطقة الدخول 7492-7507 | السعر 7468
[09:24:45] ⏳ انتظار منطقة الدخول 7492-7507 | السعر 7468
[09:25:15] ⏳ انتظار منطقة الدخول 7492-7507 | السعر 7468
[09:25:45] ⏳ انتظار منطقة الدخول 7492-7507 | السعر 7468
[09:26:15] ⏳ انتظار منطقة الدخول 7492-7507 | السعر 7468
[09:26:45] ⏳ انتظار منطقة الدخول 7492-7507 | السعر 7468
[09:27:15] ⏳ انتظار منطقة الدخول 7492-7507 | السعر 7468
[09:27:45] ⏳ انتظار منطقة الدخول 7492-7507 | السعر 7468
[09:28:15] ⏳ انتظار منطقة الدخول 7492-7507 | السعر 7468
[09:28:45] ⏳ انتظار منطقة الدخول 7492-7507 | السعر 7468
[09:29:15] ⏳ انتظار منطقة الدخول 7492-7507 | السعر 7468
[09:29:45] ⏳ انتظار منطقة الدخول 7492-7507 | السعر 7468
[09:30:16] ⏳ انتظار منطقة الدخول 7492-7507 | السعر 7468
[09:30:46] ⏳ انتظار منطقة الدخول 7492-7507 | السعر 7468
[09:31:16] ⏳ انتظار منطقة الدخول 7492-7507 | السعر 7468
[09:31:46] ⏳ انتظار منطقة الدخول 7492-7507 | السعر 7468
[09:32:16] ⏳ انتظار منطقة الدخول 7492-7507 | السعر 7468
[09:32:46] ⏳ انتظار منطقة الدخول 7492-7507 | السعر 7468
[09:33:16] ⏳ انتظار منطقة الدخول 7492-7507 | السعر 7468
[09:33:46] ⏳ انتظار منطقة الدخول 7492-7507 | السعر 7468
[09:34:16] ⏳ انتظار منطقة الدخول 7492-7507 | السعر 7468
[09:34:46] ⏳ انتظار منطقة الدخول 7492-7507 | السعر 7468
[09:35:16] ⏳ انتظار منطقة الدخول 7492-7507 | السعر 7468
[09:35:46] ⏳ انتظار منطقة الدخول 7492-7507 | السعر 7468
[09:36:17] ⏳ انتظار منطقة الدخول 7492-7507 | السعر 7468
[09:36:47] ⏳ انتظار منطقة الدخول 7492-7507 | السعر 7468
[09:37:17] ⏳ انتظار منطقة الدخول 7492-7507 | السعر 7468
[09:37:47] ⏳ انتظار منطقة الدخول 7492-7507 | السعر 7468
[09:38:17] ⏳ انتظار منطقة الدخول 7492-7507 | السعر 7468
[09:38:47] ⏳ انتظار منطقة الدخول 7492-7507 | السعر 7468
[09:39:17] ⏳ انتظار منطقة الدخول 7492-7507 | السعر 7468
[09:39:47] ⏳ انتظار منطقة الدخول 7492-7507 | السعر 7468
[09:40:17] ⏳ انتظار منطقة الدخول 7492-7507 | السعر 7468
[09:40:47] ⏳ انتظار منطقة الدخول 7492-7507 | السعر 7468
[09:41:17] ⏳ انتظار منطقة الدخول 7492-7507 | السعر 7468
[09:41:47] ⏳ انتظار منطقة الدخول 7492-7507 | السعر 7468
[09:42:17] ⏳ انتظار منطقة الدخول 7492-7507 | السعر 7468
[09:42:47] ⏳ انتظار منطقة الدخول 7492-7507 | السعر 7468
[09:43:18] ⏳ انتظار منطقة الدخول 7492-7507 | السعر 7468
[09:43:48] ⏳ انتظار منطقة الدخول 7492-7507 | السعر 7468
[09:44:18] ⏳ انتظار منطقة الدخول 7492-7507 | السعر 7468
[09:44:48] ⏳ انتظار منطقة الدخول 7492-7507 | السعر 7468
[09:45:18] ⏳ انتظار منطقة الدخول 7492-7507 | السعر 7468
[09:45:48] ⏳ انتظار منطقة الدخول 7492-7507 | السعر 7468
[09:46:18] ⏳ انتظار منطقة الدخول 7492-7507 | السعر 7468
[09:46:48] ⏳ انتظار منطقة الدخول 7492-7507 | السعر 7468
[09:47:18] ⏳ انتظار منطقة الدخول 7492-7507 | السعر 7468
[09:47:48] ⏳ انتظار منطقة الدخول 7492-7507 | السعر 7468
[09:48:18] ⏳ انتظار منطقة الدخول 7492-7507 | السعر 7468
[09:48:48] ⏳ انتظار منطقة الدخول 7492-7507 | السعر 7468
[09:49:18] ⏳ انتظار منطقة الدخول 7492-7507 | السعر 7468
[09:49:48] ⏳ انتظار منطقة الدخول 7492-7507 | السعر 7468
[09:50:18] ⏳ انتظار منطقة الدخول 7492-7507 | السعر 7468
[09:50:48] ⏳ انتظار منطقة الدخول 7492-7507 | السعر 7468
[09:51:19] ⏳ انتظار منطقة الدخول 7492-7507 | السعر 7468
[09:51:49] ⏳ انتظار منطقة الدخول 7492-7507 | السعر 7468
[09:52:19] ⏳ انتظار منطقة الدخول 7492-7507 | السعر 7468
[09:52:49] ⏳ انتظار منطقة الدخول 7492-7507 | السعر 7468
[09:53:19] ⏳ انتظار منطقة الدخول 7492-7507 | السعر 7468
[09:53:49] ⏳ انتظار منطقة الدخول 7492-7507 | السعر 7468
[09:54:19] ⏳ انتظار منطقة الدخول 7492-7507 | السعر 7468
[09:54:49] ⏳ انتظار منطقة الدخول 7492-7507 | السعر 7468
[09:55:19] ⏳ انتظار منطقة الدخول 7492-7507 | السعر 7468
[09:55:49] ⏳ انتظار منطقة الدخول 7492-7507 | السعر 7468
[09:56:19] ⏳ انتظار منطقة الدخول 7492-7507 | السعر 7468
[09:56:49] ⏳ انتظار منطقة الدخول 7492-7507 | السعر 7468
[09:57:19] ⏳ انتظار منطقة الدخول 7492-7507 | السعر 7468
[09:57:49] ⏳ انتظار منطقة الدخول 7492-7507 | السعر 7468
[09:58:19] ⏳ انتظار منطقة الدخول 7492-7507 | السعر 7468
[09:58:49] ⏳ انتظار منطقة الدخول 7492-7507 | السعر 7468
[09:59:19] ⏳ انتظار منطقة الدخول 7492-7507 | السعر 7468
[09:59:49] ⏳ انتظار منطقة الدخول 7492-7507 | السعر 7468
[10:00:19] ⏳ انتظار منطقة الدخول 7492-7507 | السعر 7468
[10:00:49] ⏳ انتظار منطقة الدخول 7492-7507 | السعر 7468
[10:01:20] ⏳ انتظار منطقة الدخول 7492-7507 | السعر 7468
[10:01:50] ⏳ انتظار منطقة الدخول 7492-7507 | السعر 7468
[10:02:20] ⏳ انتظار منطقة الدخول 7492-7507 | السعر 7468
[10:02:50] ⏳ انتظار منطقة الدخول 7492-7507 | السعر 7468
[10:03:20] ⏳ انتظار منطقة الدخول 7492-7507 | السعر 7468
[10:03:50] ⏳ انتظار منطقة الدخول 7492-7507 | السعر 7468
[10:04:20] ⏳ انتظار منطقة الدخول 7492-7507 | السعر 7468
[10:04:50] ⏳ انتظار منطقة الدخول 7492-7507 | السعر 7468
[10:05:20] ⏳ انتظار منطقة الدخول 7492-7507 | السعر 7468
[10:05:50] ⏳ انتظار منطقة الدخول 7492-7507 | السعر 7468
[10:06:20] ⏳ انتظار منطقة الدخول 7492-7507 | السعر 7468
[10:06:50] ⏳ انتظار منطقة الدخول 7492-7507 | السعر 7468
[10:07:20] ⏳ انتظار منطقة الدخول 7492-7507 | السعر 7468
[10:07:50] ⏳ انتظار منطقة الدخول 7492-7507 | السعر 7468
[10:08:20] ⏳ انتظار منطقة الدخول 7492-7507 | السعر 7468
[10:08:50] ⏳ انتظار منطقة الدخول 7492-7507 | السعر 7468
[10:09:20] ⏳ انتظار منطقة الدخول 7492-7507 | السعر 7468
[10:09:50] ⏳ انتظار منطقة الدخول 7492-7507 | السعر 7468
[10:10:21] ⏳ انتظار منطقة الدخول 7492-7507 | السعر 7468
[10:10:51] ⏳ انتظار منطقة الدخول 7492-7507 | السعر 7468
[10:11:21] ⏳ انتظار منطقة الدخول 7492-7507 | السعر 7468
[10:11:51] ⏳ انتظار منطقة الدخول 7492-7507 | السعر 7468
[10:12:21] ⏳ انتظار منطقة الدخول 7492-7507 | السعر 7468
[10:12:51] ⏳ انتظار منطقة الدخول 7492-7507 | السعر 7468
[10:13:21] ⏳ انتظار منطقة الدخول 7492-7507 | السعر 7468
[10:13:51] ⏳ انتظار منطقة الدخول 7492-7507 | السعر 7468
[10:14:21] ⏳ انتظار منطقة الدخول 7492-7507 | السعر 7468
[10:14:51] ⏳ انتظار منطقة الدخول 7492-7507 | السعر 7468
[10:15:21] ⏳ انتظار منطقة الدخول 7492-7507 | السعر 7468
[10:15:51] ⏳ انتظار منطقة الدخول 7492-7507 | السعر 7468
[10:16:21] ⏳ انتظار منطقة الدخول 7492-7507 | السعر 7468
[10:16:51] ⏳ انتظار منطقة الدخول 7492-7507 | السعر 7468
[10:17:21] ⏳ انتظار منطقة الدخول 7492-7507 | السعر 7468
[10:17:51] ⏳ انتظار منطقة الدخول 7492-7507 | السعر 7468
[10:18:22] ⏳ انتظار منطقة الدخول 7492-7507 | السعر 7468
[10:18:52] ⏳ انتظار منطقة الدخول 7492-7507 | السعر 7468
[10:19:22] ⏳ انتظار منطقة الدخول 7492-7507 | السعر 7468
[10:19:52] ⏳ انتظار منطقة الدخول 7492-7507 | السعر 7468
[10:20:22] ⏳ انتظار منطقة الدخول 7492-7507 | السعر 7468
[10:20:52] ⏳ انتظار منطقة الدخول 7492-7507 | السعر 7468
[10:21:22] ⏳ انتظار منطقة الدخول 7492-7507 | السعر 7468
[10:21:52] ⏳ انتظار منطقة الدخول 7492-7507 | السعر 7468
[10:22:22] ⏳ انتظار منطقة الدخول 7492-7507 | السعر 7468
[10:22:52] ⏳ انتظار منطقة الدخول 7492-7507 | السعر 7468
[10:23:22] ⏳ انتظار منطقة الدخول 7492-7507 | السعر 7468
[10:23:52] ⏳ انتظار منطقة الدخول 7492-7507 | السعر 7468
[10:24:22] ⏳ انتظار منطقة الدخول 7492-7507 | السعر 7468
[10:24:52] ⏳ انتظار منطقة الدخول 7492-7507 | السعر 7468
[10:25:22] ⏳ انتظار منطقة الدخول 7492-7507 | السعر 7468
[10:25:52] ⏳ انتظار منطقة الدخول 7492-7507 | السعر 7468
[10:26:22] ⏳ انتظار منطقة الدخول 7492-7507 | السعر 7468
[10:26:52] ⏳ انتظار منطقة الدخول 7492-7507 | السعر 7468
[10:27:22] ⏳ انتظار منطقة الدخول 7492-7507 | السعر 7468
[10:27:52] ⏳ انتظار منطقة الدخول 7492-7507 | السعر 7468
[10:28:23] ⏳ انتظار منطقة الدخول 7492-7507 | السعر 7468
[10:28:53] ⏳ انتظار منطقة الدخول 7492-7507 | السعر 7468
[10:29:23] ⏳ انتظار منطقة الدخول 7492-7507 | السعر 7468
[10:29:53] ⏳ انتظار منطقة الدخول 7492-7507 | السعر 7468
[10:30:23] ⏳ انتظار منطقة الدخول 7492-7507 | السعر 7468
[10:30:53] ⏳ انتظار منطقة الدخول 7492-7507 | السعر 7468
[10:31:23] ⏳ انتظار منطقة الدخول 7492-7507 | السعر 7468
[10:31:53] ⏳ انتظار منطقة الدخول 7492-7507 | السعر 7468
[10:32:23] ⏳ انتظار منطقة الدخول 7492-7507 | السعر 7468
[10:32:53] ⏳ انتظار منطقة الدخول 7492-7507 | السعر 7468
[10:33:23] ⏳ انتظار منطقة الدخول 7492-7507 | السعر 7468
[10:33:53] ⏳ انتظار منطقة الدخول 7492-7507 | السعر 7468
[10:34:23] ⏳ انتظار منطقة الدخول 7492-7507 | السعر 7468
[10:34:53] ⏳ انتظار منطقة الدخول 7492-7507 | السعر 7468
[10:35:23] ⏳ انتظار منطقة الدخول 7492-7507 | السعر 7468
[10:35:53] ⏳ انتظار منطقة الدخول 7492-7507 | السعر 7468
[10:36:23] ⏳ انتظار منطقة الدخول 7492-7507 | السعر 7468
[10:36:53] ⏳ انتظار منطقة الدخول 7492-7507 | السعر 7468
[10:37:24] ⏳ انتظار منطقة الدخول 7492-7507 | السعر 7468
[10:37:54] ⏳ انتظار منطقة الدخول 7492-7507 | السعر 7468
[10:38:24] ⏳ انتظار منطقة الدخول 7492-7507 | السعر 7468
[10:38:54] ⏳ انتظار منطقة الدخول 7492-7507 | السعر 7468
[10:39:24] ⏳ انتظار منطقة الدخول 7492-7507 | السعر 7468
[10:39:54] ⏳ انتظار منطقة الدخول 7492-7507 | السعر 7468
[10:40:24] ⏳ انتظار منطقة الدخول 7492-7507 | السعر 7468
[10:40:54] ⏳ انتظار منطقة الدخول 7492-7507 | السعر 7468
[10:41:24] ⏳ انتظار منطقة الدخول 7492-7507 | السعر 7468
[10:41:54] ⏳ انتظار منطقة الدخول 7492-7507 | السعر 7468
[10:42:24] ⏳ انتظار منطقة الدخول 7492-7507 | السعر 7468
[10:42:54] ⏳ انتظار منطقة الدخول 7492-7507 | السعر 7468
[10:43:25] ⏳ انتظار منطقة الدخول 7492-7507 | السعر 7468
[10:43:55] ⏳ انتظار منطقة الدخول 7492-7507 | السعر 7468
[10:44:25] ⏳ انتظار منطقة الدخول 7492-7507 | السعر 7468
[10:44:55] ⏳ انتظار منطقة الدخول 7492-7507 | السعر 7468
[10:45:25] ⏳ انتظار منطقة الدخول 7492-7507 | السعر 7468
[10:45:55] ⏳ انتظار منطقة الدخول 7492-7507 | السعر 7468
[10:46:25] ⏳ انتظار منطقة الدخول 7492-7507 | السعر 7468
[10:46:55] ⏳ انتظار منطقة الدخول 7492-7507 | السعر 7468
[10:47:25] ⏳ انتظار منطقة الدخول 7492-7507 | السعر 7468
[10:47:55] ⏳ انتظار منطقة الدخول 7492-7507 | السعر 7468
[10:48:25] ⏳ انتظار منطقة الدخول 7492-7507 | السعر 7468
[10:48:55] ⏳ انتظار منطقة الدخول 7492-7507 | السعر 7468
[10:49:26] ⏳ انتظار منطقة الدخول 7492-7507 | السعر 7468
[10:49:56] ⏳ انتظار منطقة الدخول 7492-7507 | السعر 7468
[10:50:26] ⏳ انتظار منطقة الدخول 7492-7507 | السعر 7468
[10:50:56] ⏳ انتظار منطقة الدخول 7492-7507 | السعر 7468
[10:51:26] ⏳ انتظار منطقة الدخول 7492-7507 | السعر 7468
[10:51:56] ⏳ انتظار منطقة الدخول 7492-7507 | السعر 7468
[10:52:26] ⏳ انتظار منطقة الدخول 7492-7507 | السعر 7468
[10:52:56] ⏳ انتظار منطقة الدخول 7492-7507 | السعر 7468
[10:53:26] ⏳ انتظار منطقة الدخول 7492-7507 | السعر 7468
[10:53:56] ⏳ انتظار منطقة الدخول 7492-7507 | السعر 7468
[10:54:26] ⏳ انتظار منطقة الدخول 7492-7507 | السعر 7468
[10:54:56] ⏳ انتظار منطقة الدخول 7492-7507 | السعر 7468
[10:55:26] ⏳ انتظار منطقة الدخول 7492-7507 | السعر 7468
[10:55:56] ⏳ انتظار منطقة الدخول 7492-7507 | السعر 7468
[10:56:27] ⏳ انتظار منطقة الدخول 7492-7507 | السعر 7468
[10:56:57] ⏳ انتظار منطقة الدخول 7492-7507 | السعر 7468
[10:57:27] ⏳ انتظار منطقة الدخول 7492-7507 | السعر 7468
[10:57:57] ⏳ انتظار منطقة الدخول 7492-7507 | السعر 7468
[10:58:27] ⏳ انتظار منطقة الدخول 7492-7507 | السعر 7468
[10:58:57] ⏳ انتظار منطقة الدخول 7492-7507 | السعر 7468
[10:59:27] ⏳ انتظار منطقة الدخول 7492-7507 | السعر 7468
[10:59:57] ⏳ انتظار منطقة الدخول 7492-7507 | السعر 7468
[11:00:27] ⏳ انتظار منطقة الدخول 7492-7507 | السعر 7468
[11:00:57] ⏳ انتظار منطقة الدخول 7492-7507 | السعر 7468
[11:01:27] ⏳ انتظار منطقة الدخول 7492-7507 | السعر 7468
[11:01:57] ⏳ انتظار منطقة الدخول 7492-7507 | السعر 7468
[11:02:27] ⏳ انتظار منطقة الدخول 7492-7507 | السعر 7468
[11:02:57] ⏳ انتظار منطقة الدخول 7492-7507 | السعر 7468
[11:03:27] ⏳ انتظار منطقة الدخول 7492-7507 | السعر 7468
[11:03:57] ⏳ انتظار منطقة الدخول 7492-7507 | السعر 7468
[11:04:28] ⏳ انتظار منطقة الدخول 7492-7507 | السعر 7468
[11:04:58] ⏳ انتظار منطقة الدخول 7492-7507 | السعر 7468
[11:05:28] ⏳ انتظار منطقة الدخول 7492-7507 | السعر 7468
[11:05:58] ⏳ انتظار منطقة الدخول 7492-7507 | السعر 7468
[11:06:28] ⏳ انتظار منطقة الدخول 7492-7507 | السعر 7468
[11:06:58] ⏳ انتظار منطقة الدخول 7492-7507 | السعر 7468
[11:07:28] ⏳ انتظار منطقة الدخول 7492-7507 | السعر 7468
[11:07:58] ⏳ انتظار منطقة الدخول 7492-7507 | السعر 7468
[11:08:28] ⏳ انتظار منطقة الدخول 7492-7507 | السعر 7468
[11:08:58] ⏳ انتظار منطقة الدخول 7492-7507 | السعر 7468
[11:09:28] ⏳ انتظار منطقة الدخول 7492-7507 | السعر 7468
[11:09:58] ⏳ انتظار منطقة الدخول 7492-7507 | السعر 7468
[11:10:28] ⏳ انتظار منطقة الدخول 7492-7507 | السعر 7468
[11:10:58] ⏳ انتظار منطقة الدخول 7492-7507 | السعر 7468
[11:11:29] ⏳ انتظار منطقة الدخول 7492-7507 | السعر 7468
[11:11:59] ⏳ انتظار منطقة الدخول 7492-7507 | السعر 7468
[11:12:29] ⏳ انتظار منطقة الدخول 7492-7507 | السعر 7468
[11:12:59] ⏳ انتظار منطقة الدخول 7492-7507 | السعر 7468
[11:13:29] ⏳ انتظار منطقة الدخول 7492-7507 | السعر 7468
[11:13:59] ⏳ انتظار منطقة الدخول 7492-7507 | السعر 7468
[11:14:29] ⏳ انتظار منطقة الدخول 7492-7507 | السعر 7468
[11:14:59] ⏳ انتظار منطقة الدخول 7492-7507 | السعر 7468
[11:15:29] ⏳ انتظار منطقة الدخول 7492-7507 | السعر 7468
[11:15:59] ⏳ انتظار منطقة الدخول 7492-7507 | السعر 7468
[11:16:29] ⏳ انتظار منطقة الدخول 7492-7507 | السعر 7468
[11:16:59] ⏳ انتظار منطقة الدخول 7492-7507 | السعر 7468
[11:17:29] ⏳ انتظار منطقة الدخول 7492-7507 | السعر 7468
[11:17:59] ⏳ انتظار منطقة الدخول 7492-7507 | السعر 7468
[11:18:30] ⏳ انتظار منطقة الدخول 7492-7507 | السعر 7468
[11:19:00] ⏳ انتظار منطقة الدخول 7492-7507 | السعر 7468
[11:19:30] ⏳ انتظار منطقة الدخول 7492-7507 | السعر 7468
[11:20:00] ⏳ انتظار منطقة الدخول 7492-7507 | السعر 7468
[11:20:30] ⏳ انتظار منطقة الدخول 7492-7507 | السعر 7468
[11:21:00] ⏳ انتظار منطقة الدخول 7492-7507 | السعر 7468
[11:21:30] ⏳ انتظار منطقة الدخول 7492-7507 | السعر 7468
[11:22:00] ⏳ انتظار منطقة الدخول 7492-7507 | السعر 7468
[11:22:30] ⏳ انتظار منطقة الدخول 7492-7507 | السعر 7468
[11:23:00] ⏳ انتظار منطقة الدخول 7492-7507 | السعر 7468
[11:23:30] ⏳ انتظار منطقة الدخول 7492-7507 | السعر 7468
[11:24:00] ⏳ انتظار منطقة الدخول 7492-7507 | السعر 7468
[11:24:30] ⏳ انتظار منطقة الدخول 7492-7507 | السعر 7468
[11:25:00] ⏳ انتظار منطقة الدخول 7492-7507 | السعر 7468
[11:25:31] ⏳ انتظار منطقة الدخول 7492-7507 | السعر 7468
[11:26:01] ⏳ انتظار منطقة الدخول 7492-7507 | السعر 7468
[11:26:31] ⏳ انتظار منطقة الدخول 7492-7507 | السعر 7468
[11:27:01] ⏳ انتظار منطقة الدخول 7492-7507 | السعر 7468
[11:27:31] ⏳ انتظار منطقة الدخول 7492-7507 | السعر 7468
[11:28:01] ⏳ انتظار منطقة الدخول 7492-7507 | السعر 7468
[11:28:31] ⏳ انتظار منطقة الدخول 7492-7507 | السعر 7468
[11:29:01] ⏳ انتظار منطقة الدخول 7492-7507 | السعر 7468
[11:29:31] ⏳ انتظار منطقة الدخول 7492-7507 | السعر 7468
[11:30:01] ⏳ انتظار منطقة الدخول 7492-7507 | السعر 7468
[11:30:31] ⏳ انتظار منطقة الدخول 7492-7507 | السعر 7468
[11:31:01] ⏳ انتظار منطقة الدخول 7492-7507 | السعر 7468
[11:31:32] ⏳ انتظار منطقة الدخول 7492-7507 | السعر 7468
[11:32:02] ⏳ انتظار منطقة الدخول 7492-7507 | السعر 7468
[11:32:32] ⏳ انتظار منطقة الدخول 7492-7507 | السعر 7468
[11:33:02] ⏳ انتظار منطقة الدخول 7492-7507 | السعر 7468
[11:33:32] ⏳ انتظار منطقة الدخول 7492-7507 | السعر 7468
[11:34:02] ⏳ انتظار منطقة الدخول 7492-7507 | السعر 7468
[11:34:32] ⏳ انتظار منطقة الدخول 7492-7507 | السعر 7468
[11:35:02] ⏳ انتظار منطقة الدخول 7492-7507 | السعر 7468
[11:35:32] ⏳ انتظار منطقة الدخول 7492-7507 | السعر 7468
[11:36:02] ⏳ انتظار منطقة الدخول 7492-7507 | السعر 7468
[11:36:32] ⏳ انتظار منطقة الدخول 7492-7507 | السعر 7468
[11:37:02] ⏳ انتظار منطقة الدخول 7492-7507 | السعر 7468
[11:37:32] ⏳ انتظار منطقة الدخول 7492-7507 | السعر 7468
[11:38:02] ⏳ انتظار منطقة الدخول 7492-7507 | السعر 7468
[11:38:32] ⏳ انتظار منطقة الدخول 7492-7507 | السعر 7468
[11:39:02] ⏳ انتظار منطقة الدخول 7492-7507 | السعر 7468
[11:39:33] ⏳ انتظار منطقة الدخول 7492-7507 | السعر 7468
[11:40:03] ⏳ انتظار منطقة الدخول 7492-7507 | السعر 7468
[11:40:33] ⏳ انتظار منطقة الدخول 7492-7507 | السعر 7468
[11:41:03] ⏳ انتظار منطقة الدخول 7492-7507 | السعر 7468
[11:41:33] ⏳ انتظار منطقة الدخول 7492-7507 | السعر 7468
[11:42:03] ⏳ انتظار منطقة الدخول 7492-7507 | السعر 7468
[11:42:33] ⏳ انتظار منطقة الدخول 7492-7507 | السعر 7468
[11:43:03] ⏳ انتظار منطقة الدخول 7492-7507 | السعر 7468
[11:43:33] ⏳ انتظار منطقة الدخول 7492-7507 | السعر 7468
[11:44:03] ⏳ انتظار منطقة الدخول 7492-7507 | السعر 7468
[11:44:33] ⏳ انتظار منطقة الدخول 7492-7507 | السعر 7468
[11:45:03] ⏳ انتظار منطقة الدخول 7492-7507 | السعر 7468
[11:45:33] ⏳ انتظار منطقة الدخول 7492-7507 | السعر 7468
[11:46:03] ⏳ انتظار منطقة الدخول 7492-7507 | السعر 7468
[11:46:33] ⏳ انتظار منطقة الدخول 7492-7507 | السعر 7468
[11:47:03] ⏳ انتظار منطقة الدخول 7492-7507 | السعر 7468
[11:47:33] ⏳ انتظار منطقة الدخول 7492-7507 | السعر 7468
[11:48:03] ⏳ انتظار منطقة الدخول 7492-7507 | السعر 7468
[11:48:34] ⏳ انتظار منطقة الدخول 7492-7507 | السعر 7468
[11:49:04] ⏳ انتظار منطقة الدخول 7492-7507 | السعر 7468
[11:49:34] ⏳ انتظار منطقة الدخول 7492-7507 | السعر 7468
[11:50:04] ⏳ انتظار منطقة الدخول 7492-7507 | السعر 7468
[11:50:34] ⏳ انتظار منطقة الدخول 7492-7507 | السعر 7468
[11:51:04] ⏳ انتظار منطقة الدخول 7492-7507 | السعر 7468
[11:51:34] ⏳ انتظار منطقة الدخول 7492-7507 | السعر 7468
[11:52:04] ⏳ انتظار منطقة الدخول 7492-7507 | السعر 7468
[11:52:34] ⏳ انتظار منطقة الدخول 7492-7507 | السعر 7468
[11:53:04] ⏳ انتظار منطقة الدخول 7492-7507 | السعر 7468
[11:53:34] ⏳ انتظار منطقة الدخول 7492-7507 | السعر 7468
[11:54:04] ⏳ انتظار منطقة الدخول 7492-7507 | السعر 7468
[11:54:35] ⏳ انتظار منطقة الدخول 7492-7507 | السعر 7468
[11:55:05] ⏳ انتظار منطقة الدخول 7492-7507 | السعر 7468
[11:55:35] ⏳ انتظار منطقة الدخول 7492-7507 | السعر 7468
[11:56:05] ⏳ انتظار منطقة الدخول 7492-7507 | السعر 7468
[11:56:35] ⏳ انتظار منطقة الدخول 7492-7507 | السعر 7468
[11:57:05] ⏳ انتظار منطقة الدخول 7492-7507 | السعر 7468
[11:57:35] ⏳ انتظار منطقة الدخول 7492-7507 | السعر 7468
[11:58:05] ⏳ انتظار منطقة الدخول 7492-7507 | السعر 7468
[11:58:35] ⏳ انتظار منطقة الدخول 7492-7507 | السعر 7468
[11:59:05] ⏳ انتظار منطقة الدخول 7492-7507 | السعر 7468
[11:59:35] ⏳ انتظار منطقة الدخول 7492-7507 | السعر 7468
[12:00:05] ⏳ انتظار منطقة الدخول 7492-7507 | السعر 7468
[12:00:36] ⏳ انتظار منطقة الدخول 7492-7507 | السعر 7468
[12:01:06] ⏳ انتظار منطقة الدخول 7492-7507 | السعر 7468
[12:01:36] ⏳ انتظار منطقة الدخول 7492-7507 | السعر 7468
[12:02:06] ⏳ انتظار منطقة الدخول 7492-7507 | السعر 7468
[12:02:36] ⏳ انتظار منطقة الدخول 7492-7507 | السعر 7468
[12:03:06] ⏳ انتظار منطقة الدخول 7492-7507 | السعر 7468
[12:03:36] ⏳ انتظار منطقة الدخول 7492-7507 | السعر 7468
[12:04:06] ⏳ انتظار منطقة الدخول 7492-7507 | السعر 7468
[12:04:36] ⏳ انتظار منطقة الدخول 7492-7507 | السعر 7468
[12:05:06] ⏳ انتظار منطقة الدخول 7492-7507 | السعر 7468
[12:05:36] ⏳ انتظار منطقة الدخول 7492-7507 | السعر 7468
[12:06:06] ⏳ انتظار منطقة الدخول 7492-7507 | السعر 7468
[12:06:36] ⏳ انتظار منطقة الدخول 7492-7507 | السعر 7468
[12:07:06] ⏳ انتظار منطقة الدخول 7492-7507 | السعر 7468
[12:07:37] ⏳ انتظار منطقة الدخول 7492-7507 | السعر 7468
[12:08:07] ⏳ انتظار منطقة الدخول 7492-7507 | السعر 7468
[12:08:37] ⏳ انتظار منطقة الدخول 7492-7507 | السعر 7468
[12:09:07] ⏳ انتظار منطقة الدخول 7492-7507 | السعر 7468
[12:09:37] ⏳ انتظار منطقة الدخول 7492-7507 | السعر 7468
[12:10:07] ⏳ انتظار منطقة الدخول 7492-7507 | السعر 7468
[12:10:37] ⏳ انتظار منطقة الدخول 7492-7507 | السعر 7468
[12:11:07] ⏳ انتظار منطقة الدخول 7492-7507 | السعر 7468
[12:11:37] ⏳ انتظار منطقة الدخول 7492-7507 | السعر 7468
[12:12:07] ⏳ انتظار منطقة الدخول 7492-7507 | السعر 7468
[12:12:37] ⏳ انتظار منطقة الدخول 7492-7507 | السعر 7468
[12:13:07] ⏳ انتظار منطقة الدخول 7492-7507 | السعر 7468
[12:13:38] ⏳ انتظار منطقة الدخول 7492-7507 | السعر 7468
[12:14:08] ⏳ انتظار منطقة الدخول 7492-7507 | السعر 7468
[12:14:38] ⏳ انتظار منطقة الدخول 7492-7507 | السعر 7468
[12:15:08] ⏳ انتظار منطقة الدخول 7492-7507 | السعر 7468
[12:15:38] ⏳ انتظار منطقة الدخول 7492-7507 | السعر 7468
[12:16:08] ⏳ انتظار منطقة الدخول 7492-7507 | السعر 7468
[12:16:38] ⏳ انتظار منطقة الدخول 7492-7507 | السعر 7468
[12:17:08] ⏳ انتظار منطقة الدخول 7492-7507 | السعر 7468
[12:17:38] ⏳ انتظار منطقة الدخول 7492-7507 | السعر 7468
[12:18:08] ⏳ انتظار منطقة الدخول 7492-7507 | السعر 7468
[12:18:38] ⏳ انتظار منطقة الدخول 7492-7507 | السعر 7468
[12:19:08] ⏳ انتظار منطقة الدخول 7492-7507 | السعر 7468
[12:19:39] ⏳ انتظار منطقة الدخول 7492-7507 | السعر 7468
[12:20:09] ⏳ انتظار منطقة الدخول 7492-7507 | السعر 7468
[12:20:39] ⏳ انتظار منطقة الدخول 7492-7507 | السعر 7468
[12:21:09] ⏳ انتظار منطقة الدخول 7492-7507 | السعر 7468
[12:21:39] ⏳ انتظار منطقة الدخول 7492-7507 | السعر 7468
[12:22:09] ⏳ انتظار منطقة الدخول 7492-7507 | السعر 7468
[12:22:39] ⏳ انتظار منطقة الدخول 7492-7507 | السعر 7468
[12:23:09] ⏳ انتظار منطقة الدخول 7492-7507 | السعر 7468
[12:23:39] ⏳ انتظار منطقة الدخول 7492-7507 | السعر 7468
[12:24:09] ⏳ انتظار منطقة الدخول 7492-7507 | السعر 7468
[12:24:39] ⏳ انتظار منطقة الدخول 7492-7507 | السعر 7468
[12:25:09] ⏳ انتظار منطقة الدخول 7492-7507 | السعر 7468
[12:25:40] ⏳ انتظار منطقة الدخول 7492-7507 | السعر 7468
[12:26:10] ⏳ انتظار منطقة الدخول 7492-7507 | السعر 7468
[12:26:40] ⏳ انتظار منطقة الدخول 7492-7507 | السعر 7468
[12:27:10] ⏳ انتظار منطقة الدخول 7492-7507 | السعر 7468
[12:27:40] ⏳ انتظار منطقة الدخول 7492-7507 | السعر 7468
[12:28:10] ⏳ انتظار منطقة الدخول 7492-7507 | السعر 7468
[12:28:40] ⏳ انتظار منطقة الدخول 7492-7507 | السعر 7468
[12:29:10] ⏳ انتظار منطقة الدخول 7492-7507 | السعر 7468
[12:29:40] ⏳ انتظار منطقة الدخول 7492-7507 | السعر 7468
[12:30:10] ⏳ انتظار منطقة الدخول 7492-7507 | السعر 7468
[12:30:41] ⏳ انتظار منطقة الدخول 7492-7507 | السعر 7468
[12:31:11] ⏳ انتظار منطقة الدخول 7492-7507 | السعر 7468
[12:31:41] ⏳ انتظار منطقة الدخول 7492-7507 | السعر 7468
[12:32:11] ⏳ انتظار منطقة الدخول 7492-7507 | السعر 7468
[12:32:41] ⏳ انتظار منطقة الدخول 7492-7507 | السعر 7468
[12:33:11] ⏳ انتظار منطقة الدخول 7492-7507 | السعر 7468
[12:33:41] ⏳ انتظار منطقة الدخول 7492-7507 | السعر 7468
[12:34:11] ⏳ انتظار منطقة الدخول 7492-7507 | السعر 7468
[12:34:41] ⏳ انتظار منطقة الدخول 7492-7507 | السعر 7468
[12:35:11] ⏳ انتظار منطقة الدخول 7492-7507 | السعر 7468
[12:35:41] ⏳ انتظار منطقة الدخول 7492-7507 | السعر 7468
[12:36:11] ⏳ انتظار منطقة الدخول 7492-7507 | السعر 7468
[12:36:42] ⏳ انتظار منطقة الدخول 7492-7507 | السعر 7468
[12:37:12] ⏳ انتظار منطقة الدخول 7492-7507 | السعر 7468
[12:37:42] ⏳ انتظار منطقة الدخول 7492-7507 | السعر 7468
[12:38:12] ⏳ انتظار منطقة الدخول 7492-7507 | السعر 7468
[12:38:42] ⏳ انتظار منطقة الدخول 7492-7507 | السعر 7468
[12:39:12] ⏳ انتظار منطقة الدخول 7492-7507 | السعر 7468
[12:39:42] ⏳ انتظار منطقة الدخول 7492-7507 | السعر 7468
[12:40:12] ⏳ انتظار منطقة الدخول 7492-7507 | السعر 7468
[12:40:42] ⏳ انتظار منطقة الدخول 7492-7507 | السعر 7468
[12:41:12] ⏳ انتظار منطقة الدخول 7492-7507 | السعر 7468
[12:41:42] ⏳ انتظار منطقة الدخول 7492-7507 | السعر 7468
[12:42:12] ⏳ انتظار منطقة الدخول 7492-7507 | السعر 7468
[12:42:43] ⏳ انتظار منطقة الدخول 7492-7507 | السعر 7468
[12:43:13] ⏳ انتظار منطقة الدخول 7492-7507 | السعر 7468
[12:43:43] ⏳ انتظار منطقة الدخول 7492-7507 | السعر 7468
[12:44:13] ⏳ انتظار منطقة الدخول 7492-7507 | السعر 7468
[12:44:43] ⏳ انتظار منطقة الدخول 7492-7507 | السعر 7468
[12:45:13] ⏳ انتظار منطقة الدخول 7492-7507 | السعر 7468
[12:45:43] ⏳ انتظار منطقة الدخول 7492-7507 | السعر 7468
[12:46:13] ⏳ انتظار منطقة الدخول 7492-7507 | السعر 7468
[12:46:43] ⏳ انتظار منطقة الدخول 7492-7507 | السعر 7468
[12:47:13] ⏳ انتظار منطقة الدخول 7492-7507 | السعر 7468
[12:47:43] ⏳ انتظار منطقة الدخول 7492-7507 | السعر 7468
[12:48:13] ⏳ انتظار منطقة الدخول 7492-7507 | السعر 7468
[12:48:43] ⏳ انتظار منطقة الدخول 7492-7507 | السعر 7468
[12:49:13] ⏳ انتظار منطقة الدخول 7492-7507 | السعر 7468
[12:49:44] ⏳ انتظار منطقة الدخول 7492-7507 | السعر 7468
[12:50:14] ⏳ انتظار منطقة الدخول 7492-7507 | السعر 7468
[12:50:44] ⏳ انتظار منطقة الدخول 7492-7507 | السعر 7468
[12:51:14] ⏳ انتظار منطقة الدخول 7492-7507 | السعر 7468
[12:51:44] ⏳ انتظار منطقة الدخول 7492-7507 | السعر 7468
[12:52:14] ⏳ انتظار منطقة الدخول 7492-7507 | السعر 7468
[12:52:44] ⏳ انتظار منطقة الدخول 7492-7507 | السعر 7468
[12:53:14] ⏳ انتظار منطقة الدخول 7492-7507 | السعر 7468
[12:53:44] ⏳ انتظار منطقة الدخول 7492-7507 | السعر 7468
[12:54:14] ⏳ انتظار منطقة الدخول 7492-7507 | السعر 7468
[12:54:44] ⏳ انتظار منطقة الدخول 7492-7507 | السعر 7468
[12:55:14] ⏳ انتظار منطقة الدخول 7492-7507 | السعر 7468
[12:55:44] ⏳ انتظار منطقة الدخول 7492-7507 | السعر 7468
[12:56:14] ⏳ انتظار منطقة الدخول 7492-7507 | السعر 7468
[12:56:44] ⏳ انتظار منطقة الدخول 7492-7507 | السعر 7468
[12:57:14] ⏳ انتظار منطقة الدخول 7492-7507 | السعر 7468
[12:57:44] ⏳ انتظار منطقة الدخول 7492-7507 | السعر 7468
[12:58:14] ⏳ انتظار منطقة الدخول 7492-7507 | السعر 7468
[12:58:45] ⏳ انتظار منطقة الدخول 7492-7507 | السعر 7468
[12:59:15] ⏳ انتظار منطقة الدخول 7492-7507 | السعر 7468
[12:59:45] ⏳ انتظار منطقة الدخول 7492-7507 | السعر 7468
[13:00:15] ⏳ انتظار منطقة الدخول 7492-7507 | السعر 7468
[13:00:45] ⏳ انتظار منطقة الدخول 7492-7507 | السعر 7468
[13:01:15] ⏳ انتظار منطقة الدخول 7492-7507 | السعر 7468
[13:01:45] ⏳ انتظار منطقة الدخول 7492-7507 | السعر 7468
[13:02:15] ⏳ انتظار منطقة الدخول 7492-7507 | السعر 7468
[13:02:45] ⏳ انتظار منطقة الدخول 7492-7507 | السعر 7468
[13:03:15] ⏳ انتظار منطقة الدخول 7492-7507 | السعر 7468
[13:03:45] ⏳ انتظار منطقة الدخول 7492-7507 | السعر 7468
[13:04:15] ⏳ انتظار منطقة الدخول 7492-7507 | السعر 7468
[13:04:45] ⏳ انتظار منطقة الدخول 7492-7507 | السعر 7468
[13:05:15] ⏳ انتظار منطقة الدخول 7492-7507 | السعر 7468
[13:05:45] ⏳ انتظار منطقة الدخول 7492-7507 | السعر 7468
[13:06:15] ⏳ انتظار منطقة الدخول 7492-7507 | السعر 7468
[13:06:46] ⏳ انتظار منطقة الدخول 7492-7507 | السعر 7468
[13:07:16] ⏳ انتظار منطقة الدخول 7492-7507 | السعر 7468
[13:07:46] ⏳ انتظار منطقة الدخول 7492-7507 | السعر 7468
[13:08:16] ⏳ انتظار منطقة الدخول 7492-7507 | السعر 7468
[13:08:46] ⏳ انتظار منطقة الدخول 7492-7507 | السعر 7468
[13:09:16] ⏳ انتظار منطقة الدخول 7492-7507 | السعر 7468
[13:09:46] ⏳ انتظار منطقة الدخول 7492-7507 | السعر 7468
[13:10:16] ⏳ انتظار منطقة الدخول 7492-7507 | السعر 7468
[13:10:46] ⏳ انتظار منطقة الدخول 7492-7507 | السعر 7468
[13:11:16] ⏳ انتظار منطقة الدخول 7492-7507 | السعر 7468
[13:11:47] ⏳ انتظار منطقة الدخول 7492-7507 | السعر 7468
[13:12:17] ⏳ انتظار منطقة الدخول 7492-7507 | السعر 7468
[13:12:47] ⏳ انتظار منطقة الدخول 7492-7507 | السعر 7468
[13:13:17] ⏳ انتظار منطقة الدخول 7492-7507 | السعر 7468
[13:13:47] ⏳ انتظار منطقة الدخول 7492-7507 | السعر 7468
[13:14:17] ⏳ انتظار منطقة الدخول 7492-7507 | السعر 7468
[13:14:47] ⏳ انتظار منطقة الدخول 7492-7507 | السعر 7468
[13:15:17] ⏳ انتظار منطقة الدخول 7492-7507 | السعر 7468
[13:15:47] ⏳ انتظار منطقة الدخول 7492-7507 | السعر 7468
[13:16:17] ⏳ انتظار منطقة الدخول 7492-7507 | السعر 7468
[13:16:47] ⏳ انتظار منطقة الدخول 7492-7507 | السعر 7468
[13:17:17] ⏳ انتظار منطقة الدخول 7492-7507 | السعر 7468
[13:17:48] ⏳ انتظار منطقة الدخول 7492-7507 | السعر 7468
[13:18:18] ⏳ انتظار منطقة الدخول 7492-7507 | السعر 7468
[13:18:48] ⏳ انتظار منطقة الدخول 7492-7507 | السعر 7468
[13:19:18] ⏳ انتظار منطقة الدخول 7492-7507 | السعر 7468
[13:19:48] ⏳ انتظار منطقة الدخول 7492-7507 | السعر 7468
[13:20:18] ⏳ انتظار منطقة الدخول 7492-7507 | السعر 7468
[13:20:48] ⏳ انتظار منطقة الدخول 7492-7507 | السعر 7468
[13:21:18] ⏳ انتظار منطقة الدخول 7492-7507 | السعر 7468
[13:21:48] ⏳ انتظار منطقة الدخول 7492-7507 | السعر 7468
[13:22:18] ⏳ انتظار منطقة الدخول 7492-7507 | السعر 7468
[13:22:48] ⏳ انتظار منطقة الدخول 7492-7507 | السعر 7468
[13:23:18] ⏳ انتظار منطقة الدخول 7492-7507 | السعر 7468
[13:23:48] ⏳ انتظار منطقة الدخول 7492-7507 | السعر 7468
[13:24:18] ⏳ انتظار منطقة الدخول 7492-7507 | السعر 7468
[13:24:48] ⏳ انتظار منطقة الدخول 7492-7507 | السعر 7468
[13:25:18] ⏳ انتظار منطقة الدخول 7492-7507 | السعر 7468
[13:25:48] ⏳ انتظار منطقة الدخول 7492-7507 | السعر 7468
[13:26:18] ⏳ انتظار منطقة الدخول 7492-7507 | السعر 7468
[13:26:49] ⏳ انتظار منطقة الدخول 7492-7507 | السعر 7468
[13:27:19] ⏳ انتظار منطقة الدخول 7492-7507 | السعر 7468
[13:27:49] ⏳ انتظار منطقة الدخول 7492-7507 | السعر 7468
[13:28:19] ⏳ انتظار منطقة الدخول 7492-7507 | السعر 7468
[13:28:49] ⏳ انتظار منطقة الدخول 7492-7507 | السعر 7468
[13:29:19] ⏳ انتظار منطقة الدخول 7492-7507 | السعر 7468
[13:29:49] ⏳ انتظار منطقة الدخول 7492-7507 | السعر 7468
[13:30:19] ⏳ انتظار منطقة الدخول 7492-7507 | السعر 7468
[13:30:49] ⏳ انتظار منطقة الدخول 7492-7507 | السعر 7440
[13:31:19] ⏳ انتظار منطقة الدخول 7492-7507 | السعر 7440
[13:31:50] ⏳ انتظار منطقة الدخول 7492-7507 | السعر 7436
[13:32:20] ⏳ انتظار منطقة الدخول 7492-7507 | السعر 7436
[13:32:50] ⏳ انتظار منطقة الدخول 7492-7507 | السعر 7436
[13:33:20] ⏳ انتظار منطقة الدخول 7492-7507 | السعر 7436
[13:33:50] ⏳ انتظار منطقة الدخول 7492-7507 | السعر 7433
[13:34:20] ⏳ انتظار منطقة الدخول 7492-7507 | السعر 7433
[13:34:50] ⏳ انتظار منطقة الدخول 7492-7507 | السعر 7426
[13:35:20] ⏳ انتظار منطقة الدخول 7492-7507 | السعر 7426
[13:35:50] ⏳ انتظار منطقة الدخول 7492-7507 | السعر 7424
[13:36:20] ⏳ انتظار منطقة الدخول 7492-7507 | السعر 7424
[13:36:50] ⏳ انتظار منطقة الدخول 7492-7507 | السعر 7426
[13:37:20] ⏳ انتظار منطقة الدخول 7492-7507 | السعر 7426
[13:37:50] ⏳ انتظار منطقة الدخول 7492-7507 | السعر 7429
[13:38:20] ⏳ انتظار منطقة الدخول 7492-7507 | السعر 7429
[13:38:51] ⏳ انتظار منطقة الدخول 7492-7507 | السعر 7428
[13:39:21] ⏳ انتظار منطقة الدخول 7492-7507 | السعر 7428
[13:39:51] ⏳ انتظار منطقة الدخول 7492-7507 | السعر 7432
[13:40:21] ⏳ انتظار منطقة الدخول 7492-7507 | السعر 7432
[13:40:51] ⏳ انتظار منطقة الدخول 7492-7507 | السعر 7434
[13:41:21] ⏳ انتظار منطقة الدخول 7492-7507 | السعر 7434
[13:41:51] ⏳ انتظار منطقة الدخول 7492-7507 | السعر 7435
[13:42:21] ⏳ انتظار منطقة الدخول 7492-7507 | السعر 7435
[13:42:51] ⏳ انتظار منطقة الدخول 7492-7507 | السعر 7434
[13:43:21] ⏳ انتظار منطقة الدخول 7492-7507 | السعر 7434
[13:43:51] ⏳ انتظار منطقة الدخول 7492-7507 | السعر 7434
[13:44:21] ⏳ انتظار منطقة الدخول 7492-7507 | السعر 7434
[13:44:52] ⏳ انتظار منطقة الدخول 7492-7507 | السعر 7435
[13:45:22] ⏳ انتظار منطقة الدخول 7492-7507 | السعر 7435
[13:45:52] ⏳ انتظار منطقة الدخول 7492-7507 | السعر 7436
[13:46:22] ⏳ انتظار منطقة الدخول 7492-7507 | السعر 7436
[13:46:52] ⏳ انتظار منطقة الدخول 7492-7507 | السعر 7439
[13:47:22] ⏳ انتظار منطقة الدخول 7492-7507 | السعر 7439
[13:47:52] ⏳ انتظار منطقة الدخول 7492-7507 | السعر 7438
[13:48:22] ⏳ انتظار منطقة الدخول 7492-7507 | السعر 7438
[13:48:52] ⏳ انتظار منطقة الدخول 7492-7507 | السعر 7439
[13:49:22] ⏳ انتظار منطقة الدخول 7492-7507 | السعر 7439
[13:49:52] ⏳ انتظار منطقة الدخول 7492-7507 | السعر 7437
[13:50:22] ⏳ انتظار منطقة الدخول 7492-7507 | السعر 7437
[13:50:53] ⏳ انتظار منطقة الدخول 7492-7507 | السعر 7441
[13:51:23] ⏳ انتظار منطقة الدخول 7492-7507 | السعر 7441
[13:51:53] ⏳ انتظار منطقة الدخول 7492-7507 | السعر 7444
[13:52:23] ⏳ انتظار منطقة الدخول 7492-7507 | السعر 7444
[13:52:53] ⏳ انتظار منطقة الدخول 7492-7507 | السعر 7446
[13:53:23] ⏳ انتظار منطقة الدخول 7492-7507 | السعر 7446
[13:53:53] ⏳ انتظار منطقة الدخول 7492-7507 | السعر 7448
[13:54:23] ⏳ انتظار منطقة الدخول 7492-7507 | السعر 7448
[13:54:53] ⏳ انتظار منطقة الدخول 7492-7507 | السعر 7448
[13:55:23] ⏳ انتظار منطقة الدخول 7492-7507 | السعر 7448
[13:55:53] ⏳ انتظار منطقة الدخول 7492-7507 | السعر 7448
[13:56:23] ⏳ انتظار منطقة الدخول 7492-7507 | السعر 7448
[13:56:54] ⏳ انتظار منطقة الدخول 7492-7507 | السعر 7447
[13:57:24] ⏳ انتظار منطقة الدخول 7492-7507 | السعر 7447
[13:57:54] ⏳ انتظار منطقة الدخول 7492-7507 | السعر 7447
[13:58:24] ⏳ انتظار منطقة الدخول 7492-7507 | السعر 7447
[13:58:54] ⏳ انتظار منطقة الدخول 7492-7507 | السعر 7452
[13:59:24] ⏳ انتظار منطقة الدخول 7492-7507 | السعر 7452
[13:59:54] ⏳ انتظار منطقة الدخول 7492-7507 | السعر 7453
[14:00:24] ⏳ انتظار منطقة الدخول 7492-7507 | السعر 7453
[14:00:55] ⏳ انتظار منطقة الدخول 7492-7507 | السعر 7455
[14:01:25] ⏳ انتظار منطقة الدخول 7492-7507 | السعر 7455
[14:01:55] ⏳ انتظار منطقة الدخول 7492-7507 | السعر 7452
[14:02:25] ⏳ انتظار منطقة الدخول 7492-7507 | السعر 7452
[14:02:55] ⏳ انتظار منطقة الدخول 7492-7507 | السعر 7452
[14:03:25] ⏳ انتظار منطقة الدخول 7492-7507 | السعر 7452
[14:03:55] ⏳ انتظار منطقة الدخول 7492-7507 | السعر 7452
[14:04:25] ⏳ انتظار منطقة الدخول 7492-7507 | السعر 7452
[14:04:55] ⏳ انتظار منطقة الدخول 7492-7507 | السعر 7454
[14:05:25] ⏳ انتظار منطقة الدخول 7492-7507 | السعر 7454
[14:05:55] ⏳ انتظار منطقة الدخول 7492-7507 | السعر 7458
[14:06:25] ⏳ انتظار منطقة الدخول 7492-7507 | السعر 7458
[14:06:55] ⏳ انتظار منطقة الدخول 7492-7507 | السعر 7460
[14:07:25] ⏳ انتظار منطقة الدخول 7492-7507 | السعر 7460
[14:07:56] ⏳ انتظار منطقة الدخول 7492-7507 | السعر 7462
[14:08:26] ⏳ انتظار منطقة الدخول 7492-7507 | السعر 7462
[14:08:56] ⏳ انتظار منطقة الدخول 7492-7507 | السعر 7462
[14:09:26] ⏳ انتظار منطقة الدخول 7492-7507 | السعر 7462
[14:09:56] ⏳ انتظار منطقة الدخول 7492-7507 | السعر 7461
[14:10:26] ⏳ انتظار منطقة الدخول 7492-7507 | السعر 7461
[14:10:56] ⏳ انتظار منطقة الدخول 7492-7507 | السعر 7464
[14:11:26] ⏳ انتظار منطقة الدخول 7492-7507 | السعر 7464
[14:11:56] ⏳ انتظار منطقة الدخول 7492-7507 | السعر 7467
[14:12:26] ⏳ انتظار منطقة الدخول 7492-7507 | السعر 7467
[14:12:57] ⏳ انتظار منطقة الدخول 7492-7507 | السعر 7466
[14:13:27] ⏳ انتظار منطقة الدخول 7492-7507 | السعر 7466
[14:13:57] ⏳ انتظار منطقة الدخول 7492-7507 | السعر 7468
[14:14:27] ⏳ انتظار منطقة الدخول 7492-7507 | السعر 7468
[14:14:57] ⏳ انتظار منطقة الدخول 7492-7507 | السعر 7466
[14:15:27] ⏳ انتظار منطقة الدخول 7492-7507 | السعر 7466
[14:15:57] ⏳ انتظار منطقة الدخول 7492-7507 | السعر 7466
[14:16:27] ⏳ انتظار منطقة الدخول 7492-7507 | السعر 7466
[14:16:57] ⏳ انتظار منطقة الدخول 7492-7507 | السعر 7465
[14:17:27] ⏳ انتظار منطقة الدخول 7492-7507 | السعر 7465
[14:17:57] ⏳ انتظار منطقة الدخول 7492-7507 | السعر 7465
[14:18:27] ⏳ انتظار منطقة الدخول 7492-7507 | السعر 7465
[14:18:57] ⏳ انتظار منطقة الدخول 7492-7507 | السعر 7464
[14:19:27] ⏳ انتظار منطقة الدخول 7492-7507 | السعر 7464
[14:19:58] ⏳ انتظار منطقة الدخول 7492-7507 | السعر 7467
[14:20:28] ⏳ انتظار منطقة الدخول 7492-7507 | السعر 7467
[14:20:58] ⏳ انتظار منطقة الدخول 7492-7507 | السعر 7467
[14:21:28] ⏳ انتظار منطقة الدخول 7492-7507 | السعر 7467
[14:21:58] ⏳ انتظار منطقة الدخول 7492-7507 | السعر 7469
[14:22:28] ⏳ انتظار منطقة الدخول 7492-7507 | السعر 7469
[14:22:58] ⏳ انتظار منطقة الدخول 7492-7507 | السعر 7468
[14:23:28] ⏳ انتظار منطقة الدخول 7492-7507 | السعر 7468
[14:23:58] ⏳ انتظار منطقة الدخول 7492-7507 | السعر 7469
[14:24:28] ⏳ انتظار منطقة الدخول 7492-7507 | السعر 7469
[14:24:58] ⏳ انتظار منطقة الدخول 7492-7507 | السعر 7468
[14:25:28] ⏳ انتظار منطقة الدخول 7492-7507 | السعر 7468
[14:25:59] ⏳ انتظار منطقة الدخول 7492-7507 | السعر 7468
[14:26:29] ⏳ انتظار منطقة الدخول 7492-7507 | السعر 7468
[14:26:59] ⏳ انتظار منطقة الدخول 7492-7507 | السعر 7469
[14:27:29] ⏳ انتظار منطقة الدخول 7492-7507 | السعر 7469
[14:27:59] ⏳ انتظار منطقة الدخول 7492-7507 | السعر 7470
[14:28:29] ⏳ انتظار منطقة الدخول 7492-7507 | السعر 7470
[14:28:59] ⏳ انتظار منطقة الدخول 7492-7507 | السعر 7468
[14:29:29] ⏳ انتظار منطقة الدخول 7492-7507 | السعر 7468
[14:29:59] ⏳ انتظار منطقة الدخول 7492-7507 | السعر 7468
[14:30:29] ⏳ انتظار منطقة الدخول 7492-7507 | السعر 7468
[14:31:00] ⏳ انتظار منطقة الدخول 7492-7507 | السعر 7463
[14:31:30] ⏳ انتظار منطقة الدخول 7492-7507 | السعر 7463
[14:32:00] ⏳ انتظار منطقة الدخول 7492-7507 | السعر 7464
[14:32:30] ⏳ انتظار منطقة الدخول 7492-7507 | السعر 7464
[14:33:00] ⏳ انتظار منطقة الدخول 7492-7507 | السعر 7463
[14:33:30] ⏳ انتظار منطقة الدخول 7492-7507 | السعر 7463
[14:34:00] ⏳ انتظار منطقة الدخول 7492-7507 | السعر 7461
[14:34:30] ⏳ انتظار منطقة الدخول 7492-7507 | السعر 7461
[14:35:00] ⏳ انتظار منطقة الدخول 7492-7507 | السعر 7463
[14:35:30] ⏳ انتظار منطقة الدخول 7492-7507 | السعر 7463
[14:36:00] ⏳ انتظار منطقة الدخول 7492-7507 | السعر 7461
[14:36:30] ⏳ انتظار منطقة الدخول 7492-7507 | السعر 7461
[14:37:01] ⏳ انتظار منطقة الدخول 7492-7507 | السعر 7464
[14:37:31] ⏳ انتظار منطقة الدخول 7492-7507 | السعر 7464
[14:38:01] ⏳ انتظار منطقة الدخول 7492-7507 | السعر 7467
[14:38:31] ⏳ انتظار منطقة الدخول 7492-7507 | السعر 7467
[14:39:01] ⏳ انتظار منطقة الدخول 7492-7507 | السعر 7468
[14:39:31] ⏳ انتظار منطقة الدخول 7492-7507 | السعر 7468
[14:40:01] ⏳ انتظار منطقة الدخول 7492-7507 | السعر 7469
[14:40:31] ⏳ انتظار منطقة الدخول 7492-7507 | السعر 7469
[14:41:01] ⏳ انتظار منطقة الدخول 7492-7507 | السعر 7469
[14:41:31] ⏳ انتظار منطقة الدخول 7492-7507 | السعر 7469
[14:42:01] ⏳ انتظار منطقة الدخول 7492-7507 | السعر 7465
[14:42:31] ⏳ انتظار منطقة الدخول 7492-7507 | السعر 7465
[14:43:02] ⏳ انتظار منطقة الدخول 7492-7507 | السعر 7466
[14:43:32] ⏳ انتظار منطقة الدخول 7492-7507 | السعر 7466
[14:44:02] ⏳ انتظار منطقة الدخول 7492-7507 | السعر 7469
[14:44:32] ⏳ انتظار منطقة الدخول 7492-7507 | السعر 7469
[14:45:02] ⏳ انتظار منطقة الدخول 7492-7507 | السعر 7465
[14:45:32] ⏳ انتظار منطقة الدخول 7492-7507 | السعر 7465
[14:46:02] ⏳ انتظار منطقة الدخول 7492-7507 | السعر 7460
[14:46:32] ⏳ انتظار منطقة الدخول 7492-7507 | السعر 7460
[14:47:02] ⏳ انتظار منطقة الدخول 7492-7507 | السعر 7462
[14:47:32] ⏳ انتظار منطقة الدخول 7492-7507 | السعر 7462
[14:48:02] ⏳ انتظار منطقة الدخول 7492-7507 | السعر 7461
[14:48:32] ⏳ انتظار منطقة الدخول 7492-7507 | السعر 7461
[14:49:03] ⏳ انتظار منطقة الدخول 7492-7507 | السعر 7462
[14:49:33] ⏳ انتظار منطقة الدخول 7492-7507 | السعر 7462
[14:50:03] ⏳ انتظار منطقة الدخول 7492-7507 | السعر 7465
[14:50:33] ⏳ انتظار منطقة الدخول 7492-7507 | السعر 7465
[14:51:03] ⏳ انتظار منطقة الدخول 7492-7507 | السعر 7468
[14:51:33] ⏳ انتظار منطقة الدخول 7492-7507 | السعر 7468
[14:52:03] ⏳ انتظار منطقة الدخول 7492-7507 | السعر 7469
[14:52:33] ⏳ انتظار منطقة الدخول 7492-7507 | السعر 7469
[14:53:03] ⏳ انتظار منطقة الدخول 7492-7507 | السعر 7467
[14:53:33] ⏳ انتظار منطقة الدخول 7492-7507 | السعر 7467
[14:54:03] ⏳ انتظار منطقة الدخول 7492-7507 | السعر 7469
[14:54:33] ⏳ انتظار منطقة الدخول 7492-7507 | السعر 7469
[14:55:04] ⏳ انتظار منطقة الدخول 7492-7507 | السعر 7469
[14:55:34] ⏳ انتظار منطقة الدخول 7492-7507 | السعر 7469
[14:56:04] ⏳ انتظار منطقة الدخول 7492-7507 | السعر 7469
[14:56:34] ⏳ انتظار منطقة الدخول 7492-7507 | السعر 7469
[14:57:04] ⏳ انتظار منطقة الدخول 7492-7507 | السعر 7468
[14:57:34] ⏳ انتظار منطقة الدخول 7492-7507 | السعر 7468
[14:58:04] ⏳ انتظار منطقة الدخول 7492-7507 | السعر 7467
[14:58:34] ⏳ انتظار منطقة الدخول 7492-7507 | السعر 7467
[14:59:04] ⏳ انتظار منطقة الدخول 7492-7507 | السعر 7464
[14:59:34] ⏳ انتظار منطقة الدخول 7492-7507 | السعر 7464
[15:00:05] ⏳ انتظار منطقة الدخول 7492-7507 | السعر 7470
[15:00:35] ⏳ انتظار منطقة الدخول 7492-7507 | السعر 7470
[15:01:05] ⏳ انتظار منطقة الدخول 7492-7507 | السعر 7470
[15:01:35] ⏳ انتظار منطقة الدخول 7492-7507 | السعر 7470
[15:02:05] ⏳ انتظار منطقة الدخول 7492-7507 | السعر 7472
[15:02:35] ⏳ انتظار منطقة الدخول 7492-7507 | السعر 7472
[15:03:05] ⏳ انتظار منطقة الدخول 7492-7507 | السعر 7474
[15:03:35] ⏳ انتظار منطقة الدخول 7492-7507 | السعر 7474
[15:04:05] ⏳ انتظار منطقة الدخول 7492-7507 | السعر 7477
[15:04:35] ⏳ انتظار منطقة الدخول 7492-7507 | السعر 7477
[15:05:05] ⏳ انتظار منطقة الدخول 7492-7507 | السعر 7477
[15:05:35] ⏳ انتظار منطقة الدخول 7492-7507 | السعر 7477
[15:06:06] ⏳ انتظار منطقة الدخول 7492-7507 | السعر 7479
[15:06:36] ⏳ انتظار منطقة الدخول 7492-7507 | السعر 7479
[15:07:06] ⏳ انتظار منطقة الدخول 7492-7507 | السعر 7480
[15:07:36] ⏳ انتظار منطقة الدخول 7492-7507 | السعر 7480
[15:08:06] ⏳ انتظار منطقة الدخول 7492-7507 | السعر 7478
[15:08:36] ⏳ انتظار منطقة الدخول 7492-7507 | السعر 7478
[15:09:06] ⏳ انتظار منطقة الدخول 7492-7507 | السعر 7476
[15:09:36] ⏳ انتظار منطقة الدخول 7492-7507 | السعر 7476
[15:10:06] ⏳ انتظار منطقة الدخول 7492-7507 | السعر 7477
[15:10:36] ⏳ انتظار منطقة الدخول 7492-7507 | السعر 7477
[15:11:06] ⏳ انتظار منطقة الدخول 7492-7507 | السعر 7478
[15:11:36] ⏳ انتظار منطقة الدخول 7492-7507 | السعر 7478
[15:12:07] ⏳ انتظار منطقة الدخول 7492-7507 | السعر 7477
[15:12:37] ⏳ انتظار منطقة الدخول 7492-7507 | السعر 7477
[15:13:07] ⏳ انتظار منطقة الدخول 7492-7507 | السعر 7479
[15:13:37] ⏳ انتظار منطقة الدخول 7492-7507 | السعر 7479
[15:14:07] ⏳ انتظار منطقة الدخول 7492-7507 | السعر 7480
[15:14:37] ⏳ انتظار منطقة الدخول 7492-7507 | السعر 7480
[15:15:07] ⏳ انتظار منطقة الدخول 7492-7507 | السعر 7482
[15:15:37] ⏳ انتظار منطقة الدخول 7492-7507 | السعر 7482
[15:16:07] ⏳ انتظار منطقة الدخول 7492-7507 | السعر 7481
[15:16:37] ⏳ انتظار منطقة الدخول 7492-7507 | السعر 7481
[15:17:07] ⏳ انتظار منطقة الدخول 7492-7507 | السعر 7481
[15:17:37] ⏳ انتظار منطقة الدخول 7492-7507 | السعر 7481
[15:18:08] ⏳ انتظار منطقة الدخول 7492-7507 | السعر 7484
[15:18:38] ⏳ انتظار منطقة الدخول 7492-7507 | السعر 7484
[15:19:08] ⏳ انتظار منطقة الدخول 7492-7507 | السعر 7485
[15:19:38] ⏳ انتظار منطقة الدخول 7492-7507 | السعر 7485
[15:20:08] ⏳ انتظار منطقة الدخول 7492-7507 | السعر 7485
[15:20:38] ⏳ انتظار منطقة الدخول 7492-7507 | السعر 7485
[15:21:08] ⏳ انتظار منطقة الدخول 7492-7507 | السعر 7488
[15:21:38] ⏳ انتظار منطقة الدخول 7492-7507 | السعر 7488
[15:22:08] ⏳ انتظار منطقة الدخول 7492-7507 | السعر 7488
[15:22:38] ⏳ انتظار منطقة الدخول 7492-7507 | السعر 7488
[15:23:08] ⏳ انتظار منطقة الدخول 7492-7507 | السعر 7490
[15:23:38] ⏳ انتظار منطقة الدخول 7492-7507 | السعر 7490
[15:24:09] ⏳ انتظار منطقة الدخول 7492-7507 | السعر 7489
[15:24:39] ⏳ انتظار منطقة الدخول 7492-7507 | السعر 7489
[15:25:09] ⏳ انتظار منطقة الدخول 7492-7507 | السعر 7490
[15:25:39] ⏳ انتظار منطقة الدخول 7492-7507 | السعر 7490
[15:26:09] ⏳ انتظار منطقة الدخول 7492-7507 | السعر 7490
[15:26:39] ⏳ انتظار منطقة الدخول 7492-7507 | السعر 7490
[15:27:09] ⏳ انتظار منطقة الدخول 7492-7507 | السعر 7489
[15:27:39] ⏳ انتظار منطقة الدخول 7492-7507 | السعر 7489
[15:28:09] ⏳ انتظار منطقة الدخول 7492-7507 | السعر 7491
Error 200, reqId 3: No security definition has been found for the request, contract: Option(symbol='SPX', lastTradeDateOrContractMonth='260702', strike=7430, right='P', exchange='CBOE')
Unknown contract: Option(symbol='SPX', lastTradeDateOrContractMonth='260702', strike=7430, right='P', exchange='CBOE')
❌ IB فشل: ❌ العقد غير صالح
🚀 ACTIVATED @ 7492 15:28:31
$SPY: possibly delisted; no price data found  (period=1d)

1 Failed download:
['SPY']: possibly delisted; no price data found  (period=1d)
⚠️ yfinance: index -1 is out of bounds for axis 0 with size 0
